mysql> delete * from emp1;
ERROR 1064 (42000): You have an error in your SQL syntax; check the manual that corresponds to your MySQL server version for the right syntax to use near '* from emp1' at line 1
mysql> delete * from emp1;
ERROR 1064 (42000): You have an error in your SQL syntax; check the manual that corresponds to your MySQL server version for the right syntax to use near '* from emp1' at line 1
mysql> delete from emp1;
Query OK, 0 rows affected (0.00 sec)

mysql> delete * from emp1;
ERROR 1064 (42000): You have an error in your SQL syntax; check the manual that corresponds to your MySQL server version for the right syntax to use near '* from emp1' at line 1
mysql> delete * from emp1;
ERROR 1064 (42000): You have an error in your SQL syntax; check the manual that corresponds to your MySQL server version for the right syntax to use near '* from emp1' at line 1
mysql> DELETE from emp1l;
ERROR 1146 (42S02): Table 'kapil.emp1l' doesn't exist
mysql> DELETE from emp1;
Query OK, 0 rows affected (0.00 sec)

mysql> select * from emp1;
Empty set (0.00 sec)

mysql>
